<?xml version='1.0' encoding='UTF-8'?>
<caom2:Observation xmlns:caom2="http://www.opencadc.org/caom2/xml/v2.4" xmlns:xsi="http://www.w3.org/2001/XMLSchema-instance" xsi:type="caom2:SimpleObservation" caom2:id="66b99102-ffa0-463f-892a-ba3f6c12f61c">
  <caom2:collection>AICO</caom2:collection>
  <caom2:observationID>2023_07_04__17_28_51-raw_v</caom2:observationID>
  <caom2:metaRelease>2023-07-04T21:28:51.650700</caom2:metaRelease>
  <caom2:algorithm>
    <caom2:name>exposure</caom2:name>
  </caom2:algorithm>
  <caom2:type>object</caom2:type>
  <caom2:intent>calibration</caom2:intent>
  <caom2:target>
    <caom2:name>weather image</caom2:name>
  </caom2:target>
  <caom2:telescope>
    <caom2:name>All Sky Camera</caom2:name>
    <caom2:geoLocationX>920184.9715486484</caom2:geoLocationX>
    <caom2:geoLocationY>-4520385.693632458</caom2:geoLocationY>
    <caom2:geoLocationZ>4389920.559756182</caom2:geoLocationZ>
  </caom2:telescope>
  <caom2:instrument>
    <caom2:name>All Sky Camera</caom2:name>
  </caom2:instrument>
  <caom2:planes>
    <caom2:plane caom2:id="deed72d3-fae6-4f1b-9b1e-0fed5c8a9aaa">
      <caom2:productID>2023_07_04__17_28_51-raw_v</caom2:productID>
      <caom2:metaRelease>2023-07-04T21:28:51.650700</caom2:metaRelease>
      <caom2:dataRelease>2023-07-04T21:28:51.650700</caom2:dataRelease>
      <caom2:dataProductType>image</caom2:dataProductType>
      <caom2:calibrationLevel>1</caom2:calibrationLevel>
      <caom2:provenance>
        <caom2:name>AICO Sky Camera image</caom2:name>
        <caom2:version>SKYWATCH,  Version  4.3.10 build 141,  3/28/2022</caom2:version>
        <caom2:project>AICO Science Archive</caom2:project>
        <caom2:producer>Carswell Astronomical Observatory</caom2:producer>
        <caom2:reference>https://www.cadc-ccda.hia-iha.nrc-cnrc.gc.ca/en/aico/</caom2:reference>
      </caom2:provenance>
      <caom2:artifacts>
        <caom2:artifact caom2:id="27bb2356-54dd-4f90-90eb-27152c1c1a92">
          <caom2:uri>cadc:AICO/2023_07_04__17_28_51-raw_v.fits</caom2:uri>
          <caom2:productType>calibration</caom2:productType>
          <caom2:releaseType>data</caom2:releaseType>
          <caom2:contentType>application/fits</caom2:contentType>
          <caom2:contentLength>4175</caom2:contentLength>
          <caom2:contentChecksum>md5:0389c2a17632b8e8c24685cadfc13a46</caom2:contentChecksum>
          <caom2:parts>
            <caom2:part caom2:id="f14f3ad8-daf4-48d6-a6ab-c08216a40b66">
              <caom2:name>0</caom2:name>
              <caom2:chunks>
                <caom2:chunk caom2:id="c2f20e79-95ca-470e-8837-adab864b2f2a">
                  <caom2:time>
                    <caom2:axis>
                      <caom2:axis>
                        <caom2:ctype>TIME</caom2:ctype>
                        <caom2:cunit>d</caom2:cunit>
                      </caom2:axis>
                      <caom2:function>
                        <caom2:naxis>1</caom2:naxis>
                        <caom2:delta>8.03755144032921e-15</caom2:delta>
                        <caom2:refCoord>
                          <caom2:pix>0.5</caom2:pix>
                          <caom2:val>60129.72835538889</caom2:val>
                        </caom2:refCoord>
                      </caom2:function>
                    </caom2:axis>
                    <caom2:timesys>UTC</caom2:timesys>
                    <caom2:exposure>6e-05</caom2:exposure>
                    <caom2:resolution>6e-05</caom2:resolution>
                  </caom2:time>
                </caom2:chunk>
              </caom2:chunks>
            </caom2:part>
          </caom2:parts>
        </caom2:artifact>
      </caom2:artifacts>
    </caom2:plane>
  </caom2:planes>
</caom2:Observation>
